// Jest Snapshot v1, https://goo.gl/fbAQLP

exports[`App component renders title, form, times, and stats sections 1`] = `
<div>
  <section
    className="global__AppWrapper-vsm6zv-0 kKFCfu"
  >
    <div
      className="global__ContentWrapper-vsm6zv-1 dZPduL"
    >
      <h1>
        Make a reservation
      </h1>
      <form
        action="/-1/reservations"
        className="form__Form-sc-1u23csf-1 cjIAkB"
        method="post"
      >
        <div>
          <label
            className="form__Label-sc-1u23csf-0 jPepbi"
            htmlFor="party"
          >
            Party Size
          </label>
          <select
            className="form__Select-sc-1u23csf-2 fEMCHC"
            id="party"
          />
        </div>
        <section
          className="global__RowWrapper-vsm6zv-2 jTnlro"
        >
          <div>
            <label
              className="form__Label-sc-1u23csf-0 jPepbi"
              htmlFor="month"
            >
              Date
            </label>
            <input
              className="form__CalendarInput-sc-1u23csf-3 joKqVc"
              defaultValue="07-15-2019"
              id="date"
              name="date"
              type="date"
            />
          </div>
          <div>
            <label
              className="form__Label-sc-1u23csf-0 jPepbi"
              htmlFor="time"
            >
              Time
            </label>
            <select
              className="form__Select-sc-1u23csf-2 fEMCHC"
              id="time"
            >
              <option>
                12:00 AM
              </option>
              <option>
                12:00 AM
              </option>
              <option>
                12:00 AM
              </option>
              <option>
                12:00 AM
              </option>
              <option>
                12:00 AM
              </option>
              <option>
                12:00 AM
              </option>
            </select>
          </div>
        </section>
        <br />
      </form>
      <div>
        <button
          className="buttons__Button-kxhf3y-1 hcmyGk"
        >
          Find a Table
        </button>
      </div>
      <div>
        <br />
      </div>
    </div>
  </section>
</div>
`;
