// Jest Snapshot v1, https://goo.gl/fbAQLP

exports[`App component renders title, form, and times sections 1`] = `
<div>
  <section
    className="theme__Wrapper-qp42uy-0 igZQuB"
  >
    <h1>
      Make a reservation
    </h1>
    <div>
      {"open_time":{"hour":0,"minute":0},"close_time":{"hour":0,"minute":0},"time_intervals":0,"max_seating":0,"max_party_size":0}
    </div>
    <div>
      [{"booking_time":null,"party_qty":0}]
    </div>
  </section>
</div>
`;
