// Jest Snapshot v1, https://goo.gl/fbAQLP

exports[`App component renders title, form, times, and stats sections 1`] = `
<div>
  <section
    className="theme__Wrapper-qp42uy-0 igZQuB"
  >
    <h1>
      Make a reservation
    </h1>
    <div>
      {"openTime":{"hour":0,"minute":0},"closeTime":{"hour":0,"minute":0},"timeIntervals":0,"maxSeating":0,"maxPartySize":0}
    </div>
    <div>
      [{"bookingTime":null,"partyQty":0}]
    </div>
    <span>
      Booked 0 times today
    </span>
  </section>
</div>
`;
