// Jest Snapshot v1, https://goo.gl/fbAQLP

exports[`ReservationForm component renders with no errors when valid restaurant passed in 1`] = `
<form
  action="/undefined/reservations"
  className="form__Form-sc-1u23csf-1 cjIAkB"
  method="post"
>
  <div>
    <label
      className="form__Label-sc-1u23csf-0 jPepbi"
      htmlFor="party"
    >
      Party Size
    </label>
    <select
      className="form__Select-sc-1u23csf-2 eecyHz"
      id="party"
    />
  </div>
  <section
    className="global__RowWrapper-vsm6zv-3 kTkVBY"
  >
    <div>
      <label
        className="form__Label-sc-1u23csf-0 jPepbi"
        htmlFor="month"
      >
        Date
      </label>
      <input
        className="form__CalendarInput-sc-1u23csf-4 fRsLHX"
        defaultValue="07-19-2019"
        id="date"
        name="date"
        type="date"
      />
    </div>
    <div>
      <label
        className="form__Label-sc-1u23csf-0 jPepbi"
        htmlFor="time"
      >
        Time
      </label>
      <select
        className="form__Select-sc-1u23csf-2 form__TimeSelect-sc-1u23csf-3 eJvGuH"
        id="time"
      />
    </div>
  </section>
  <br />
</form>
`;
